// Jest Snapshot v1, https://goo.gl/fbAQLP

exports[`Testing ProfileForm component Testing loading loading is false 1`] = `ShallowWrapper {}`;

exports[`Testing ProfileForm component Testing loading loading is false 2`] = `ShallowWrapper {}`;

exports[`Testing ProfileForm component Testing loading loading is true 1`] = `ShallowWrapper {}`;

exports[`Testing ProfileForm component Testing loading loading is true 2`] = `ShallowWrapper {}`;

exports[`renders correctly 1`] = `
<View
  style={
    Array [
      Object {},
    ]
  }
>
  <View
    style={
      Array [
        Object {
          "alignItems": "center",
        },
      ]
    }
  >
    <View
      style={
        Array [
          Object {
            "alignItems": "center",
            "backgroundColor": "#FFFFFF7F",
            "borderRadius": 67.5,
            "height": 125,
            "justifyContent": "center",
            "marginBottom": 16,
            "marginTop": 24,
            "width": 125,
          },
        ]
      }
    >
      <View
        collapsable={false}
        nativeID="animatedComponent"
        style={
          Object {
            "backgroundColor": "#FFFFFF7F",
            "borderRadius": 67.5,
            "opacity": 1,
          }
        }
      >
        <View
          style={
            Array [
              Object {
                "overflow": "hidden",
              },
              Object {
                "borderRadius": 67.5,
                "height": 125,
                "width": 125,
              },
            ]
          }
        >
          <FastImageView
            blurRadius={5}
            onFastImageLoadEnd={[Function]}
            onFastImageLoadStart={[Function]}
            resizeMode={null}
            source={
              Object {
                "uri": "https://cdn.pixabay.com/photo/2016/08/08/09/17/avatar-1577909_960_720.png",
              }
            }
            style={
              Object {
                "bottom": 0,
                "left": 0,
                "position": "absolute",
                "right": 0,
                "top": 0,
              }
            }
          />
        </View>
      </View>
    </View>
    <Text
      style={
        Array [
          Object {
            "color": "#FFFFFF",
            "fontFamily": "MontserratExtraBold",
            "fontSize": 16,
            "marginBottom": 4,
          },
        ]
      }
    >
      FirstName LastName
    </Text>
    <Text
      style={
        Array [
          Object {
            "color": "#FFFFFF",
            "fontFamily": "Montserrat",
            "fontSize": 14,
            "opacity": 0.5,
          },
        ]
      }
    >
      City, Country
    </Text>
  </View>
  <View
    style={
      Array [
        Object {
          "marginTop": 16,
        },
      ]
    }
  >
    <View
      style={
        Array [
          Object {
            "borderBottomColor": "rgba(255, 255, 255, 0.2)",
            "borderBottomWidth": 1,
            "flexDirection": "row",
            "justifyContent": "space-between",
            "marginLeft": 10,
            "marginRight": 10,
            "paddingBottom": 22,
            "paddingTop": 22,
          },
        ]
      }
      testID="username"
    >
      <Text
        style={
          Array [
            Object {
              "color": "#FFFFFF",
              "fontFamily": "Montserrat",
              "fontSize": 14,
              "opacity": 0.5,
            },
          ]
        }
      >
        Username
      </Text>
      <Text
        style={
          Array [
            Object {
              "color": "#FFFFFF",
              "fontFamily": "Montserrat",
              "fontSize": 14,
            },
          ]
        }
      >
        username
      </Text>
    </View>
    <View
      style={
        Array [
          Object {
            "borderBottomColor": "rgba(255, 255, 255, 0.2)",
            "borderBottomWidth": 1,
            "flexDirection": "row",
            "justifyContent": "space-between",
            "marginLeft": 10,
            "marginRight": 10,
            "paddingBottom": 22,
            "paddingTop": 22,
          },
        ]
      }
      testID="email"
    >
      <Text
        style={
          Array [
            Object {
              "color": "#FFFFFF",
              "fontFamily": "Montserrat",
              "fontSize": 14,
              "opacity": 0.5,
            },
          ]
        }
      >
        Email
      </Text>
      <Text
        style={
          Array [
            Object {
              "color": "#FFFFFF",
              "fontFamily": "Montserrat",
              "fontSize": 14,
            },
          ]
        }
      >
        user@mail.com
      </Text>
    </View>
    <View
      style={
        Array [
          Object {},
        ]
      }
    >
      <View
        style={
          Array [
            Object {
              "borderBottomColor": "rgba(255, 255, 255, 0.2)",
              "borderBottomWidth": 1,
              "flexDirection": "row",
              "justifyContent": "space-between",
              "marginLeft": 10,
              "marginRight": 10,
              "paddingBottom": 22,
              "paddingTop": 22,
            },
          ]
        }
        testID="phone"
      >
        <Text
          style={
            Array [
              Object {
                "color": "#FFFFFF",
                "fontFamily": "Montserrat",
                "fontSize": 14,
                "opacity": 0.5,
              },
            ]
          }
        >
          Phone
        </Text>
        <Text
          style={
            Array [
              Object {
                "color": "#FFFFFF",
                "fontFamily": "Montserrat",
                "fontSize": 14,
              },
            ]
          }
        >
          80291234567
        </Text>
      </View>
      <View
        style={
          Array [
            Object {
              "borderBottomColor": "rgba(255, 255, 255, 0.2)",
              "borderBottomWidth": 1,
              "flexDirection": "row",
              "justifyContent": "space-between",
              "marginLeft": 10,
              "marginRight": 10,
              "paddingBottom": 22,
              "paddingTop": 22,
            },
          ]
        }
        testID="birthDate"
      >
        <Text
          style={
            Array [
              Object {
                "color": "#FFFFFF",
                "fontFamily": "Montserrat",
                "fontSize": 14,
                "opacity": 0.5,
              },
            ]
          }
        >
          Date of birth
        </Text>
        <Text
          style={
            Array [
              Object {
                "color": "#FFFFFF",
                "fontFamily": "Montserrat",
                "fontSize": 14,
              },
            ]
          }
        >
          November 23, 2001
        </Text>
      </View>
      <View
        style={
          Array [
            Object {
              "borderBottomColor": "rgba(255, 255, 255, 0.2)",
              "borderBottomWidth": 1,
              "flexDirection": "row",
              "justifyContent": "space-between",
              "marginLeft": 10,
              "marginRight": 10,
              "paddingBottom": 22,
              "paddingTop": 22,
            },
          ]
        }
        testID="address"
      >
        <Text
          style={
            Array [
              Object {
                "color": "#FFFFFF",
                "fontFamily": "Montserrat",
                "fontSize": 14,
                "opacity": 0.5,
              },
            ]
          }
        >
          Address
        </Text>
        <Text
          style={
            Array [
              Object {
                "color": "#FFFFFF",
                "fontFamily": "Montserrat",
                "fontSize": 14,
              },
            ]
          }
        >
          City, Country
        </Text>
      </View>
    </View>
  </View>
</View>
`;
